Resolving dependencies...
Downloading packages...
  archive 4.0.7 (4.0.9 available)
  characters 1.4.0 (1.4.1 available)
  ffi 2.1.5 (2.2.0 available)
  flutter_dotenv 5.2.1 (6.0.0 available)
  flutter_launcher_icons 0.13.1 (0.14.4 available)
  google_sign_in 6.3.0 (7.2.0 available)
  google_sign_in_android 6.2.1 (7.2.9 available)
  google_sign_in_ios 5.9.0 (6.3.0 available)
  google_sign_in_platform_interface 2.5.0 (3.1.0 available)
  google_sign_in_web 0.12.4+4 (1.1.2 available)
  image 4.7.2 (4.8.0 available)
  json_annotation 4.9.0 (4.11.0 available)
  lints 6.0.0 (6.1.0 available)
  matcher 0.12.17 (0.12.19 available)
  material_color_utilities 0.11.1 (0.13.0 available)
  meta 1.17.0 (1.18.1 available)
  petitparser 7.0.1 (7.0.2 available)
  posix 6.0.3 (6.5.0 available)
  shared_preferences_android 2.4.18 (2.4.21 available)
  source_span 1.10.1 (1.10.2 available)
  test_api 0.7.7 (0.7.10 available)
Got dependencies!
21 packages have newer versions incompatible with dependency constraints.
Try `flutter pub outdated` for more information.
Launching lib\main.dart on Chrome in debug mode...
Waiting for connection from debug service on Chrome...          
Waiting for connection from debug service on Chrome...             21.5s
